Microchip MPLAB XC8 Compiler V2.10 ()

Linker command line:

-W-3 --edf=C:\Program Files (x86)\Microchip\xc8\v2.10\pic\dat\en_msgs.txt \
  -cs -h+dist/default/production\ADCtoI2C.X.production.sym \
  --cmf=dist/default/production\ADCtoI2C.X.production.cmf -z -Q18F25K80 \
  -oC:\Users\e1456162\AppData\Local\Temp\sf88.2 --defsym=__MPLAB_BUILD=1 \
  -Mdist/default/production/ADCtoI2C.X.production.map -E1 -ver=XC8 \
  --acfsm=1493 -ASTACK=060h-0E40h -pstack=STACK -ACODE=00h-07FFFh \
  -ACONST=00h-07FFFh -ASMALLCONST=0F00h-0FFFhx113 \
  -AMEDIUMCONST=0F00h-07FFFh -ACOMRAM=01h-05Fh -AABS1=00h-0E40h \
  -ABIGRAM=01h-0E40h -ARAM=060h-0FFh,0100h-01FFhx13,0E00h-0E40h \
  -ABANK0=060h-0FFh -ABANK1=0100h-01FFh -ABANK2=0200h-02FFh \
  -ABANK3=0300h-03FFh -ABANK4=0400h-04FFh -ABANK5=0500h-05FFh \
  -ABANK6=0600h-06FFh -ABANK7=0700h-07FFh -ABANK8=0800h-08FFh \
  -ABANK9=0900h-09FFh -ABANK10=0A00h-0AFFh -ABANK11=0B00h-0BFFh \
  -ABANK12=0C00h-0CFFh -ABANK13=0D00h-0DFFh -ABANK14=0E00h-0E40h \
  -ASFR=0E41h-0EFFh,0F00h-0F5Fh,0F60h-0FFFh \
  -preset_vec=00h,intcode=08h,intcodelo,powerup,init -pramtop=0F00h \
  -psmallconst=SMALLCONST -pmediumconst=MEDIUMCONST -pconst=CONST \
  -AFARRAM=00h-00h -ACONFIG=0300000h-030000Dh -pconfig=CONFIG \
  -AIDLOC=0200000h-0200007h -pidloc=IDLOC -AEEDATA=0F00000h-0F003FFh \
  -peeprom_data=EEDATA \
  -prdata=COMRAM,nvrram=COMRAM,nvbit=COMRAM,rbss=COMRAM,rbit=COMRAM \
  -pfarbss=FARRAM,fardata=FARRAM,nvFARRAM=FARRAM \
  -pintsave_regs=BIGRAM,bigbss=BIGRAM,bigdata=BIGRAM -pbss=RAM \
  -pidata=CODE,irdata=CODE,ibigdata=CODE,ifardata=CODE -prparam=COMRAM \
  C:\Users\e1456162\AppData\Local\Temp\sf88.o \
  dist/default/production\ADCtoI2C.X.production.o 

Object code version is 3.11

Machine type is 18F25K80

Call graph: (short form)




                Name                               Link     Load   Length Selector   Space Scale
C:\Users\e1456162\AppData\Local\Temp\sf88.o
                init                                 86       86        4        4       0
                reset_vec                             0        0        4        0       0
                idloc                            200000   200000        8   200000       0
                config                           300000   300000        E   300000       0
dist/default/production\ADCtoI2C.X.production.o
                intcode                               8        8       7E        4       0
                temp                                 2A       2A        1        1       1
                text45                              4E0      4E0        4        4       0
                text44                              4DC      4DC        4        4       0
                text43                              4C6      4C6        6        4       0
                text42                              4BE      4BE        8        4       0
                text41                              484      484        A        4       0
                text40                              3A2      3A2       16        4       0
                text39                              4B6      4B6        8        4       0
                text38                              2E4      2E4       2E        4       0
                text37                              4D8      4D8        4        4       0
                text36                              3F4      3F4       14        4       0
                text35                              3E0      3E0       14        4       0
                text34                              3CC      3CC       14        4       0
                text33                              3B8      3B8       14        4       0
                text32                              4AE      4AE        8        4       0
                text31                              2B6      2B6       2E        4       0
                text30                              4D4      4D4        4        4       0
                text29                              4D0      4D0        4        4       0
                text28                              4A6      4A6        8        4       0
                text27                              288      288       2E        4       0
                text26                              4E4      4E4        2        4       0
                text25                              25A      25A       2E        4       0
                text24                               8A       8A       C6        4       0
                text22                              1EC      1EC       3A        4       0
                text21                              4CC      4CC        4        4       0
                text20                              33A      33A       1E        4       0
                text19                              47A      47A        A        4       0
                text18                              470      470        A        4       0
                text17                              466      466        A        4       0
                text16                              45C      45C        A        4       0
                text15                              49E      49E        8        4       0
                text14                              496      496        8        4       0
                text13                              452      452        A        4       0
                text12                              448      448        A        4       0
                text11                              150      150       5E        4       0
                text10                              38C      38C       16        4       0
                text9                               43E      43E        A        4       0
                text8                               434      434        A        4       0
                text7                               42A      42A        A        4       0
                text6                               1AE      1AE       3E        4       0
                text5                               41A      41A       10        4       0
                text4                               48E      48E        8        4       0
                text3                               408      408       12        4       0
                text2                               312      312       28        4       0
                text1                               372      372       1A        4       0
                text0                               226      226       34        4       0
                cstackCOMRAM                         17       17        B        1       1
                bssCOMRAM                             1        1       16        1       1
                cinit                               358      358       1A        4       0
                nvCOMRAM                             22       22        8        1       1

TOTAL           Name                               Link     Load   Length     Space
        CLASS   STACK          

        CLASS   CODE           
                intcode                               8        8       7E         0
                init                                 86       86        4         0
                reset_vec                             0        0        4         0
                text45                              4E0      4E0        4         0
                text44                              4DC      4DC        4         0
                text43                              4C6      4C6        6         0
                text42                              4BE      4BE        8         0
                text41                              484      484        A         0
                text40                              3A2      3A2       16         0
                text39                              4B6      4B6        8         0
                text38                              2E4      2E4       2E         0
                text37                              4D8      4D8        4         0
                text36                              3F4      3F4       14         0
                text35                              3E0      3E0       14         0
                text34                              3CC      3CC       14         0
                text33                              3B8      3B8       14         0
                text32                              4AE      4AE        8         0
                text31                              2B6      2B6       2E         0
                text30                              4D4      4D4        4         0
                text29                              4D0      4D0        4         0
                text28                              4A6      4A6        8         0
                text27                              288      288       2E         0
                text26                              4E4      4E4        2         0
                text25                              25A      25A       2E         0
                text24                               8A       8A       C6         0
                text22                              1EC      1EC       3A         0
                text21                              4CC      4CC        4         0
                text20                              33A      33A       1E         0
                text19                              47A      47A        A         0
                text18                              470      470        A         0
                text17                              466      466        A         0
                text16                              45C      45C        A         0
                text15                              49E      49E        8         0
                text14                              496      496        8         0
                text13                              452      452        A         0
                text12                              448      448        A         0
                text11                              150      150       5E         0
                text10                              38C      38C       16         0
                text9                               43E      43E        A         0
                text8                               434      434        A         0
                text7                               42A      42A        A         0
                text6                               1AE      1AE       3E         0
                text5                               41A      41A       10         0
                text4                               48E      48E        8         0
                text3                               408      408       12         0
                text2                               312      312       28         0
                text1                               372      372       1A         0
                text0                               226      226       34         0
                cinit                               358      358       1A         0

        CLASS   CONST          

        CLASS   SMALLCONST     

        CLASS   MEDIUMCONST    

        CLASS   COMRAM         
                temp                                 2A       2A        1         1
                cstackCOMRAM                         17       17        B         1
                bssCOMRAM                             1        1       16         1
                nvCOMRAM                             22       22        8         1

        CLASS   ABS1           

        CLASS   BIGRAM         

        CLASS   RAM            

        CLASS   BANK0          

        CLASS   BANK1          

        CLASS   BANK2          

        CLASS   BANK3          

        CLASS   BANK4          

        CLASS   BANK5          

        CLASS   BANK6          

        CLASS   BANK7          

        CLASS   BANK8          

        CLASS   BANK9          

        CLASS   BANK10         

        CLASS   BANK11         

        CLASS   BANK12         

        CLASS   BANK13         

        CLASS   BANK14         

        CLASS   SFR            

        CLASS   FARRAM         

        CLASS   CONFIG         
                config                           300000   300000        E         0

        CLASS   IDLOC          
                idloc                            200000   200000        8         0

        CLASS   EEDATA         



SEGMENTS        Name                           Load    Length   Top    Selector   Space  Class

                reset_vec                      000000  000004  000004         0       0  CODE    
                bssCOMRAM                      000001  00002A  00002B         1       1  COMRAM  
                intcode                        000008  0004DE  0004E6         4       0  CODE    
                idloc                          200000  000008  200008    200000       0  IDLOC   
                config                         300000  00000E  30000E    300000       0  CONFIG  


UNUSED ADDRESS RANGES

        Name                Unused          Largest block    Delta
        BANK0            000060-0000FF               A0
        BANK1            000100-0001FF              100
        BANK10           000A00-000AFF              100
        BANK11           000B00-000BFF              100
        BANK12           000C00-000CFF              100
        BANK13           000D00-000DFF              100
        BANK14           000E00-000E40               41
        BANK2            000200-0002FF              100
        BANK3            000300-0003FF              100
        BANK4            000400-0004FF              100
        BANK5            000500-0005FF              100
        BANK6            000600-0006FF              100
        BANK7            000700-0007FF              100
        BANK8            000800-0008FF              100
        BANK9            000900-0009FF              100
        BIGRAM           00002B-000E40              E16
        CODE             000004-000007                4
                         0004E6-007FFF             7B1A
        COMRAM           00002B-00005F               35
        CONST            000004-000007                4
                         0004E6-007FFF             7B1A
        EEDATA           F00000-F003FF              400
        MEDIUMCONST      000F00-007FFF             7100
        RAM              000060-000E40              100
        SFR              000E41-000FFF               BF
        SMALLCONST       000F00-007FFF              100
        STACK            000060-000E40              DE1

                                  Symbol Table

?_ADC_GetConversion                             cstackCOMRAM 00001D
ADC_GetConversion@channel                       cstackCOMRAM 000021
EUSART1_SetErrorHandler@interruptHandler        cstackCOMRAM 00001D
EUSART1_SetFramingErrorHandler@interruptHandler cstackCOMRAM 00001D
EUSART1_SetOverrunErrorHandler@interruptHandler cstackCOMRAM 00001D
I2C_SlaveSendTxData@data                        cstackCOMRAM 000017
I2C_SlaveSetAddrIntHandler@handler              cstackCOMRAM 00001D
I2C_SlaveSetBusColIntHandler@handler            cstackCOMRAM 00001D
I2C_SlaveSetIsrHandler@handler                  cstackCOMRAM 00001D
I2C_SlaveSetReadIntHandler@handler              cstackCOMRAM 00001D
I2C_SlaveSetSlaveAddr@slaveAddr                 cstackCOMRAM 00001D
I2C_SlaveSetSlaveMask@maskAddr                  cstackCOMRAM 00001D
I2C_SlaveSetWrColIntHandler@handler             cstackCOMRAM 00001D
I2C_SlaveSetWriteIntHandler@handler             cstackCOMRAM 00001D
I2C_Write@data                                  cstackCOMRAM 000018
_ADCON0                                         (abs)        000FC2
_ADCON0bits                                     (abs)        000FC2
_ADCON1                                         (abs)        000FC1
_ADCON2                                         (abs)        000FC0
_ADC_GetConversion                              text22       0001EC
_ADC_Initialize                                 text10       00038C
_ADC_InterruptHandler                           bssCOMRAM    000005
_ADRESH                                         (abs)        000FC4
_ADRESL                                         (abs)        000FC3
_ANCON0                                         (abs)        000F5D
_ANCON1                                         (abs)        000F5C
_BAUDCON1                                       (abs)        000FA7
_EUSART1_DefaultErrorHandler                    (abs)        000000
_EUSART1_DefaultFramingErrorHandler             (abs)        000000
_EUSART1_DefaultOverrunErrorHandler             (abs)        000000
_EUSART1_ErrorHandler                           nvCOMRAM     000022
_EUSART1_FramingErrorHandler                    nvCOMRAM     000026
_EUSART1_Initialize                             text6        0001AE
_EUSART1_OverrunErrorHandler                    nvCOMRAM     000024
_EUSART1_SetErrorHandler                        text9        00043E
_EUSART1_SetFramingErrorHandler                 text8        000434
_EUSART1_SetOverrunErrorHandler                 text7        00042A
_I2C_Initialize                                 text5        00041A
_I2C_Isr                                        text24       00008A
_I2C_Open                                       text11       000150
_I2C_Read                                       text43       0004C6
_I2C_SlaveAddrCallBack                          text38       0002E4
_I2C_SlaveAddrInterruptHandler                  nvCOMRAM     000028
_I2C_SlaveBusColInterruptHandler                bssCOMRAM    000009
_I2C_SlaveClearIrq                              text37       0004D8
_I2C_SlaveDefAddrInterruptHandler               text39       0004B6
_I2C_SlaveDefBusColInterruptHandler             (abs)        000000
_I2C_SlaveDefRdInterruptHandler                 text32       0004AE
_I2C_SlaveDefWrColInterruptHandler              text26       0004E4
_I2C_SlaveDefWrInterruptHandler                 text28       0004A6
_I2C_SlaveEnableIrq                             text21       0004CC
_I2C_SlaveGetAddr                               text45       0004E0
_I2C_SlaveGetRxData                             text44       0004DC
_I2C_SlaveIsData                                text36       0003F4
_I2C_SlaveIsRead                                text35       0003E0
_I2C_SlaveIsRxBufFull                           text34       0003CC
_I2C_SlaveIsWriteCollision                      text33       0003B8
_I2C_SlaveOpen                                  text20       00033A
_I2C_SlaveRdCallBack                            text31       0002B6
_I2C_SlaveRdInterruptHandler                    bssCOMRAM    00000D
_I2C_SlaveReleaseClock                          text30       0004D4
_I2C_SlaveRestart                               text29       0004D0
_I2C_SlaveSendTxData                            text42       0004BE
_I2C_SlaveSetAddrIntHandler                     text19       00047A
_I2C_SlaveSetBusColIntHandler                   text18       000470
_I2C_SlaveSetIsrHandler                         text17       000466
_I2C_SlaveSetReadIntHandler                     text16       00045C
_I2C_SlaveSetSlaveAddr                          text15       00049E
_I2C_SlaveSetSlaveMask                          text14       000496
_I2C_SlaveSetWrColIntHandler                    text13       000452
_I2C_SlaveSetWriteIntHandler                    text12       000448
_I2C_SlaveWrCallBack                            text27       000288
_I2C_SlaveWrColCallBack                         text25       00025A
_I2C_SlaveWrColInterruptHandler                 bssCOMRAM    000007
_I2C_SlaveWrInterruptHandler                    bssCOMRAM    00000B
_I2C_Write                                      text41       000484
_INTCON2bits                                    (abs)        000FF1
_INTCONbits                                     (abs)        000FF2
_INTERRUPT_Initialize                           text4        00048E
_INTERRUPT_InterruptManager                     intcode      000008
_LATA                                           (abs)        000F89
_LATB                                           (abs)        000F8A
_LATC                                           (abs)        000F8B
_MSSP_InterruptHandler                          bssCOMRAM    00000F
_OSCCON                                         (abs)        000FD3
_OSCCON2                                        (abs)        000FD2
_OSCILLATOR_Initialize                          text3        000408
_OSCTUNE                                        (abs)        000F9B
_PIE1bits                                       (abs)        000F9D
_PIE2bits                                       (abs)        000FA0
_PIN_MANAGER_Initialize                         text2        000312
_PIR1bits                                       (abs)        000F9E
_PIR2bits                                       (abs)        000FA1
_RCEN                                           (abs)        007E2B
_RCONbits                                       (abs)        000FD0
_RCREG1                                         (abs)        000FAE
_RCSTA1                                         (abs)        000FAB
_RCSTA1bits                                     (abs)        000FAB
_REFOCON                                        (abs)        000F9A
_SPBRG1                                         (abs)        000FAF
_SPBRGH1                                        (abs)        000F7D
_SSPADD                                         (abs)        000FC8
_SSPBUF                                         (abs)        000FC9
_SSPCON1                                        (abs)        000FC6
_SSPCON1bits                                    (abs)        000FC6
_SSPCON2                                        (abs)        000FC5
_SSPCON2bits                                    (abs)        000FC5
_SSPSTAT                                        (abs)        000FC7
_SSPSTATbits                                    (abs)        000FC7
_SYSTEM_Initialize                              text1        000372
_TRISA                                          (abs)        000F92
_TRISB                                          (abs)        000F93
_TRISC                                          (abs)        000F94
_TXREG1                                         (abs)        000FAD
_TXSTA1                                         (abs)        000FAC
_TXSTA1bits                                     (abs)        000FAC
_WPUB                                           (abs)        000F5B
__CFG_BBSIZ$BB2K                                (abs)        000000
__CFG_BOREN$SBORDIS                             (abs)        000000
__CFG_BORPWR$ZPBORMV                            (abs)        000000
__CFG_BORV$3                                    (abs)        000000
__CFG_CANMX$PORTB                               (abs)        000000
__CFG_CP0$OFF                                   (abs)        000000
__CFG_CP1$OFF                                   (abs)        000000
__CFG_CP2$OFF                                   (abs)        000000
__CFG_CP3$OFF                                   (abs)        000000
__CFG_CPB$OFF                                   (abs)        000000
__CFG_CPD$OFF                                   (abs)        000000
__CFG_EBTR0$OFF                                 (abs)        000000
__CFG_EBTR1$OFF                                 (abs)        000000
__CFG_EBTR2$OFF                                 (abs)        000000
__CFG_EBTR3$OFF                                 (abs)        000000
__CFG_EBTRB$OFF                                 (abs)        000000
__CFG_FCMEN$OFF                                 (abs)        000000
__CFG_FOSC$HS2                                  (abs)        000000
__CFG_IESO$OFF                                  (abs)        000000
__CFG_INTOSCSEL$HIGH                            (abs)        000000
__CFG_MCLRE$ON                                  (abs)        000000
__CFG_MSSPMSK$MSK7                              (abs)        000000
__CFG_PLLCFG$OFF                                (abs)        000000
__CFG_PWRTEN$OFF                                (abs)        000000
__CFG_RETEN$OFF                                 (abs)        000000
__CFG_SOSCSEL$DIG                               (abs)        000000
__CFG_STVREN$ON                                 (abs)        000000
__CFG_WDTEN$OFF                                 (abs)        000000
__CFG_WDTPS$1048576                             (abs)        000000
__CFG_WRT0$OFF                                  (abs)        000000
__CFG_WRT1$OFF                                  (abs)        000000
__CFG_WRT2$OFF                                  (abs)        000000
__CFG_WRT3$OFF                                  (abs)        000000
__CFG_WRTB$OFF                                  (abs)        000000
__CFG_WRTC$OFF                                  (abs)        000000
__CFG_WRTD$OFF                                  (abs)        000000
__CFG_XINST$OFF                                 (abs)        000000
__HRAM                                          (abs)        000000
__Habs1                                         abs1         000000
__Hbank0                                        bank0        000000
__Hbank1                                        bank1        000000
__Hbank10                                       bank10       000000
__Hbank11                                       bank11       000000
__Hbank12                                       bank12       000000
__Hbank13                                       bank13       000000
__Hbank14                                       bank14       000000
__Hbank2                                        bank2        000000
__Hbank3                                        bank3        000000
__Hbank4                                        bank4        000000
__Hbank5                                        bank5        000000
__Hbank6                                        bank6        000000
__Hbank7                                        bank7        000000
__Hbank8                                        bank8        000000
__Hbank9                                        bank9        000000
__Hbigbss                                       bigbss       000000
__Hbigdata                                      bigdata      000000
__Hbigram                                       bigram       000000
__Hbss                                          bss          000000
__HbssCOMRAM                                    bssCOMRAM    000000
__Hcinit                                        cinit        000000
__Hclrtext                                      clrtext      000000
__Hcomram                                       comram       000000
__Hconfig                                       config       30000E
__Hconst                                        const        000000
__HcstackCOMRAM                                 cstackCOMRAM 000000
__Hdata                                         data         000000
__Heeprom_data                                  eeprom_data  000000
__Hfarbss                                       farbss       000000
__Hfardata                                      fardata      000000
__Hibigdata                                     ibigdata     000000
__Hidata                                        idata        000000
__Hidloc                                        idloc        200008
__Hifardata                                     ifardata     000000
__Hinit                                         init         00008A
__Hintcode                                      intcode      000086
__Hintcode_body                                 intcode_body 000000
__Hintcodelo                                    intcodelo    000086
__Hintentry                                     intentry     000000
__Hintret                                       intret       000000
__Hintsave_regs                                 intsave_regs 000000
__Hirdata                                       irdata       000000
__Hmediumconst                                  mediumconst  000000
__HnvCOMRAM                                     nvCOMRAM     000000
__HnvFARRAM                                     nvFARRAM     000000
__Hnvbit                                        nvbit        000000
__Hnvrram                                       nvrram       000000
__Hparam                                        rparam       000000
__Hpowerup                                      powerup      000086
__Hram                                          ram          000000
__Hramtop                                       ramtop       000F00
__Hrbit                                         rbit         000000
__Hrbss                                         rbss         000000
__Hrdata                                        rdata        000000
__Hreset_vec                                    reset_vec    000004
__Hrparam                                       rparam       000000
__Hsfr                                          sfr          000000
__Hsmallconst                                   smallconst   000000
__Hspace_0                                      (abs)        30000E
__Hspace_1                                      (abs)        00002B
__Hspace_2                                      (abs)        000000
__Hstack                                        stack        000000
__Hstruct                                       struct       000000
__Htemp                                         temp         00002B
__Htext                                         text         000000
__Htext0                                        text0        000000
__Htext1                                        text1        000000
__Htext10                                       text10       000000
__Htext11                                       text11       000000
__Htext12                                       text12       000000
__Htext13                                       text13       000000
__Htext14                                       text14       000000
__Htext15                                       text15       000000
__Htext16                                       text16       000000
__Htext17                                       text17       000000
__Htext18                                       text18       000000
__Htext19                                       text19       000000
__Htext2                                        text2        000000
__Htext20                                       text20       000000
__Htext21                                       text21       000000
__Htext22                                       text22       000000
__Htext24                                       text24       000000
__Htext25                                       text25       000000
__Htext26                                       text26       000000
__Htext27                                       text27       000000
__Htext28                                       text28       000000
__Htext29                                       text29       000000
__Htext3                                        text3        000000
__Htext30                                       text30       000000
__Htext31                                       text31       000000
__Htext32                                       text32       000000
__Htext33                                       text33       000000
__Htext34                                       text34       000000
__Htext35                                       text35       000000
__Htext36                                       text36       000000
__Htext37                                       text37       000000
__Htext38                                       text38       000000
__Htext39                                       text39       000000
__Htext4                                        text4        000000
__Htext40                                       text40       000000
__Htext41                                       text41       000000
__Htext42                                       text42       000000
__Htext43                                       text43       000000
__Htext44                                       text44       000000
__Htext45                                       text45       000000
__Htext46                                       text46       000000
__Htext5                                        text5        000000
__Htext6                                        text6        000000
__Htext7                                        text7        000000
__Htext8                                        text8        000000
__Htext9                                        text9        000000
__LRAM                                          (abs)        000001
__Labs1                                         abs1         000000
__Lbank0                                        bank0        000000
__Lbank1                                        bank1        000000
__Lbank10                                       bank10       000000
__Lbank11                                       bank11       000000
__Lbank12                                       bank12       000000
__Lbank13                                       bank13       000000
__Lbank14                                       bank14       000000
__Lbank2                                        bank2        000000
__Lbank3                                        bank3        000000
__Lbank4                                        bank4        000000
__Lbank5                                        bank5        000000
__Lbank6                                        bank6        000000
__Lbank7                                        bank7        000000
__Lbank8                                        bank8        000000
__Lbank9                                        bank9        000000
__Lbigbss                                       bigbss       000000
__Lbigdata                                      bigdata      000000
__Lbigram                                       bigram       000000
__Lbss                                          bss          000000
__LbssCOMRAM                                    bssCOMRAM    000000
__Lcinit                                        cinit        000000
__Lclrtext                                      clrtext      000000
__Lcomram                                       comram       000000
__Lconfig                                       config       300000
__Lconst                                        const        000000
__LcstackCOMRAM                                 cstackCOMRAM 000000
__Ldata                                         data         000000
__Leeprom_data                                  eeprom_data  000000
__Lfarbss                                       farbss       000000
__Lfardata                                      fardata      000000
__Libigdata                                     ibigdata     000000
__Lidata                                        idata        000000
__Lidloc                                        idloc        200000
__Lifardata                                     ifardata     000000
__Linit                                         init         000086
__Lintcode                                      intcode      000008
__Lintcode_body                                 intcode_body 000000
__Lintcodelo                                    intcodelo    000086
__Lintentry                                     intentry     000000
__Lintret                                       intret       000000
__Lintsave_regs                                 intsave_regs 000000
__Lirdata                                       irdata       000000
__Lmediumconst                                  mediumconst  000000
__LnvCOMRAM                                     nvCOMRAM     000000
__LnvFARRAM                                     nvFARRAM     000000
__Lnvbit                                        nvbit        000000
__Lnvrram                                       nvrram       000000
__Lparam                                        rparam       000000
__Lpowerup                                      powerup      000086
__Lram                                          ram          000000
__Lramtop                                       ramtop       000F00
__Lrbit                                         rbit         000000
__Lrbss                                         rbss         000000
__Lrdata                                        rdata        000000
__Lreset_vec                                    reset_vec    000000
__Lrparam                                       rparam       000000
__Lsfr                                          sfr          000000
__Lsmallconst                                   smallconst   000000
__Lspace_0                                      (abs)        000000
__Lspace_1                                      (abs)        000000
__Lspace_2                                      (abs)        000000
__Lstack                                        stack        000000
__Lstruct                                       struct       000000
__Ltemp                                         temp         00002A
__Ltext                                         text         000000
__Ltext0                                        text0        000000
__Ltext1                                        text1        000000
__Ltext10                                       text10       000000
__Ltext11                                       text11       000000
__Ltext12                                       text12       000000
__Ltext13                                       text13       000000
__Ltext14                                       text14       000000
__Ltext15                                       text15       000000
__Ltext16                                       text16       000000
__Ltext17                                       text17       000000
__Ltext18                                       text18       000000
__Ltext19                                       text19       000000
__Ltext2                                        text2        000000
__Ltext20                                       text20       000000
__Ltext21                                       text21       000000
__Ltext22                                       text22       000000
__Ltext24                                       text24       000000
__Ltext25                                       text25       000000
__Ltext26                                       text26       000000
__Ltext27                                       text27       000000
__Ltext28                                       text28       000000
__Ltext29                                       text29       000000
__Ltext3                                        text3        000000
__Ltext30                                       text30       000000
__Ltext31                                       text31       000000
__Ltext32                                       text32       000000
__Ltext33                                       text33       000000
__Ltext34                                       text34       000000
__Ltext35                                       text35       000000
__Ltext36                                       text36       000000
__Ltext37                                       text37       000000
__Ltext38                                       text38       000000
__Ltext39                                       text39       000000
__Ltext4                                        text4        000000
__Ltext40                                       text40       000000
__Ltext41                                       text41       000000
__Ltext42                                       text42       000000
__Ltext43                                       text43       000000
__Ltext44                                       text44       000000
__Ltext45                                       text45       000000
__Ltext46                                       text46       000000
__Ltext5                                        text5        000000
__Ltext6                                        text6        000000
__Ltext7                                        text7        000000
__Ltext8                                        text8        000000
__Ltext9                                        text9        000000
__S0                                            (abs)        30000E
__S1                                            (abs)        00002B
__S2                                            (abs)        000000
___inthi_sp                                     stack        000000
___intlo_sp                                     stack        000000
___param_bank                                   (abs)        000000
___rparam_used                                  (abs)        000001
___sp                                           stack        000000
__accesstop                                     (abs)        000060
__activetblptr                                  (abs)        000002
__end_of_ADC_GetConversion                      text22       000226
__end_of_ADC_Initialize                         text10       0003A2
__end_of_EUSART1_Initialize                     text6        0001EC
__end_of_EUSART1_SetErrorHandler                text9        000448
__end_of_EUSART1_SetFramingErrorHandler         text8        00043E
__end_of_EUSART1_SetOverrunErrorHandler         text7        000434
__end_of_I2C_Initialize                         text5        00042A
__end_of_I2C_Isr                                text24       000150
__end_of_I2C_Open                               text11       0001AE
__end_of_I2C_Read                               text43       0004CC
__end_of_I2C_SlaveAddrCallBack                  text38       000312
__end_of_I2C_SlaveClearIrq                      text37       0004DC
__end_of_I2C_SlaveDefAddrInterruptHandler       text39       0004BE
__end_of_I2C_SlaveDefRdInterruptHandler         text32       0004B6
__end_of_I2C_SlaveDefWrColInterruptHandler      text26       0004E6
__end_of_I2C_SlaveDefWrInterruptHandler         text28       0004AE
__end_of_I2C_SlaveEnableIrq                     text21       0004D0
__end_of_I2C_SlaveGetAddr                       text45       0004E4
__end_of_I2C_SlaveGetRxData                     text44       0004E0
__end_of_I2C_SlaveIsData                        text36       000408
__end_of_I2C_SlaveIsRead                        text35       0003F4
__end_of_I2C_SlaveIsRxBufFull                   text34       0003E0
__end_of_I2C_SlaveIsWriteCollision              text33       0003CC
__end_of_I2C_SlaveOpen                          text20       000358
__end_of_I2C_SlaveRdCallBack                    text31       0002E4
__end_of_I2C_SlaveReleaseClock                  text30       0004D8
__end_of_I2C_SlaveRestart                       text29       0004D4
__end_of_I2C_SlaveSendTxData                    text42       0004C6
__end_of_I2C_SlaveSetAddrIntHandler             text19       000484
__end_of_I2C_SlaveSetBusColIntHandler           text18       00047A
__end_of_I2C_SlaveSetIsrHandler                 text17       000470
__end_of_I2C_SlaveSetReadIntHandler             text16       000466
__end_of_I2C_SlaveSetSlaveAddr                  text15       0004A6
__end_of_I2C_SlaveSetSlaveMask                  text14       00049E
__end_of_I2C_SlaveSetWrColIntHandler            text13       00045C
__end_of_I2C_SlaveSetWriteIntHandler            text12       000452
__end_of_I2C_SlaveWrCallBack                    text27       0002B6
__end_of_I2C_SlaveWrColCallBack                 text25       000288
__end_of_I2C_Write                              text41       00048E
__end_of_INTERRUPT_Initialize                   text4        000496
__end_of_INTERRUPT_InterruptManager             intcode      000086
__end_of_OSCILLATOR_Initialize                  text3        00041A
__end_of_PIN_MANAGER_Initialize                 text2        00033A
__end_of_SYSTEM_Initialize                      text1        00038C
__end_of__initialization                        cinit        000364
__end_of_interrupt_pls                          text40       0003B8
__end_of_main                                   text0        00025A
__initialization                                cinit        000358
__mediumconst                                   mediumconst  000000
__pbssCOMRAM                                    bssCOMRAM    000001
__pcinit                                        cinit        000358
__pcstackCOMRAM                                 cstackCOMRAM 000017
__pintcode                                      intcode      000008
__pnvCOMRAM                                     nvCOMRAM     000022
__ptext0                                        text0        000226
__ptext1                                        text1        000372
__ptext10                                       text10       00038C
__ptext11                                       text11       000150
__ptext12                                       text12       000448
__ptext13                                       text13       000452
__ptext14                                       text14       000496
__ptext15                                       text15       00049E
__ptext16                                       text16       00045C
__ptext17                                       text17       000466
__ptext18                                       text18       000470
__ptext19                                       text19       00047A
__ptext2                                        text2        000312
__ptext20                                       text20       00033A
__ptext21                                       text21       0004CC
__ptext22                                       text22       0001EC
__ptext24                                       text24       00008A
__ptext25                                       text25       00025A
__ptext26                                       text26       0004E4
__ptext27                                       text27       000288
__ptext28                                       text28       0004A6
__ptext29                                       text29       0004D0
__ptext3                                        text3        000408
__ptext30                                       text30       0004D4
__ptext31                                       text31       0002B6
__ptext32                                       text32       0004AE
__ptext33                                       text33       0003B8
__ptext34                                       text34       0003CC
__ptext35                                       text35       0003E0
__ptext36                                       text36       0003F4
__ptext37                                       text37       0004D8
__ptext38                                       text38       0002E4
__ptext39                                       text39       0004B6
__ptext4                                        text4        00048E
__ptext40                                       text40       0003A2
__ptext41                                       text41       000484
__ptext42                                       text42       0004BE
__ptext43                                       text43       0004C6
__ptext44                                       text44       0004DC
__ptext45                                       text45       0004E0
__ptext46                                       text46       000000
__ptext5                                        text5        00041A
__ptext6                                        text6        0001AE
__ptext7                                        text7        00042A
__ptext8                                        text8        000434
__ptext9                                        text9        00043E
__ramtop                                        ramtop       000F00
__size_of_ADC_GetConversion                     (abs)        000000
__size_of_ADC_Initialize                        (abs)        000000
__size_of_EUSART1_Initialize                    (abs)        000000
__size_of_EUSART1_SetErrorHandler               (abs)        000000
__size_of_EUSART1_SetFramingErrorHandler        (abs)        000000
__size_of_EUSART1_SetOverrunErrorHandler        (abs)        000000
__size_of_I2C_Initialize                        (abs)        000000
__size_of_I2C_Isr                               (abs)        000000
__size_of_I2C_Open                              (abs)        000000
__size_of_I2C_Read                              (abs)        000000
__size_of_I2C_SlaveAddrCallBack                 (abs)        000000
__size_of_I2C_SlaveClearIrq                     (abs)        000000
__size_of_I2C_SlaveDefAddrInterruptHandler      (abs)        000000
__size_of_I2C_SlaveDefRdInterruptHandler        (abs)        000000
__size_of_I2C_SlaveDefWrColInterruptHandler     (abs)        000000
__size_of_I2C_SlaveDefWrInterruptHandler        (abs)        000000
__size_of_I2C_SlaveEnableIrq                    (abs)        000000
__size_of_I2C_SlaveGetAddr                      (abs)        000000
__size_of_I2C_SlaveGetRxData                    (abs)        000000
__size_of_I2C_SlaveIsData                       (abs)        000000
__size_of_I2C_SlaveIsRead                       (abs)        000000
__size_of_I2C_SlaveIsRxBufFull                  (abs)        000000
__size_of_I2C_SlaveIsWriteCollision             (abs)        000000
__size_of_I2C_SlaveOpen                         (abs)        000000
__size_of_I2C_SlaveRdCallBack                   (abs)        000000
__size_of_I2C_SlaveReleaseClock                 (abs)        000000
__size_of_I2C_SlaveRestart                      (abs)        000000
__size_of_I2C_SlaveSendTxData                   (abs)        000000
__size_of_I2C_SlaveSetAddrIntHandler            (abs)        000000
__size_of_I2C_SlaveSetBusColIntHandler          (abs)        000000
__size_of_I2C_SlaveSetIsrHandler                (abs)        000000
__size_of_I2C_SlaveSetReadIntHandler            (abs)        000000
__size_of_I2C_SlaveSetSlaveAddr                 (abs)        000000
__size_of_I2C_SlaveSetSlaveMask                 (abs)        000000
__size_of_I2C_SlaveSetWrColIntHandler           (abs)        000000
__size_of_I2C_SlaveSetWriteIntHandler           (abs)        000000
__size_of_I2C_SlaveWrCallBack                   (abs)        000000
__size_of_I2C_SlaveWrColCallBack                (abs)        000000
__size_of_I2C_Write                             (abs)        000000
__size_of_INTERRUPT_Initialize                  (abs)        000000
__size_of_INTERRUPT_InterruptManager            (abs)        000000
__size_of_OSCILLATOR_Initialize                 (abs)        000000
__size_of_PIN_MANAGER_Initialize                (abs)        000000
__size_of_SYSTEM_Initialize                     (abs)        000000
__size_of_interrupt_pls                         (abs)        000000
__size_of_main                                  (abs)        000000
__smallconst                                    smallconst   000000
_data                                           bssCOMRAM    000001
_eusart1RxLastError                             bssCOMRAM    000011
_i2cNextState                                   bssCOMRAM    000015
_i2cRdData                                      bssCOMRAM    000013
_i2cSlaveAddr                                   bssCOMRAM    000012
_i2cState                                       bssCOMRAM    000016
_i2cWrData                                      bssCOMRAM    000014
_interrupt_pls                                  text40       0003A2
_main                                           text0        000226
btemp                                           temp         00002A
end_of_initialization                           cinit        000364
int$flags                                       temp         00002A
intlevel0                                       text         000000
intlevel1                                       text         000000
intlevel2                                       text         000000
intlevel3                                       text         000000
stackhi                                         (abs)        000E40
stacklo                                         (abs)        000060
start                                           init         000086
start_initialization                            cinit        000358
ttemp5                                          temp         00002B
ttemp6                                          temp         00002E
ttemp7                                          temp         000032
wtemp8                                          temp         00002B


FUNCTION INFORMATION:

 *************** function _main *****************
 Defined at:
		line 50 in file "main.c"
 Parameters:    Size  Location     Type
		None
 Auto vars:     Size  Location     Type
		None
 Return value:  Size  Location     Type
                  1    wreg      void 
 Registers used:
		wreg, status,2, status,0, cstack
 Tracked objects:
		On entry : 
		On exit  : 
		Unchanged: 
 Data sizes:     COMRAM   BANK0   BANK1   BANK2   BANK3   BANK4   BANK5   BANK6   BANK7   BANK8   BANK9  BANK10  BANK11  BANK12  BANK13  BANK14
      Params:         0       0       0       0       0       0       0       0       0       0       0       0       0       0       0       0
      Locals:         0       0       0       0       0       0       0       0       0       0       0       0       0       0       0       0
      Temps:          0       0       0       0       0       0       0       0       0       0       0       0       0       0       0       0
      Totals:         0       0       0       0       0       0       0       0       0       0       0       0       0       0       0       0
Total ram usage:        0 bytes
 Hardware stack levels required when called:    9
 This function calls:
		_ADC_GetConversion
		_I2C_Open
		_I2C_SlaveSetAddrIntHandler
		_SYSTEM_Initialize
 This function is called by:
		Startup code after reset
 This function uses a non-reentrant model


 *************** function _SYSTEM_Initialize *****************
 Defined at:
		line 50 in file "mcc_generated_files/mcc.c"
 Parameters:    Size  Location     Type
		None
 Auto vars:     Size  Location     Type
		None
 Return value:  Size  Location     Type
                  1    wreg      void 
 Registers used:
		wreg, status,2, status,0, cstack
 Tracked objects:
		On entry : 
		On exit  : 
		Unchanged: 
 Data sizes:     COMRAM   BANK0   BANK1   BANK2   BANK3   BANK4   BANK5   BANK6   BANK7   BANK8   BANK9  BANK10  BANK11  BANK12  BANK13  BANK14
      Params:         0       0       0       0       0       0       0       0       0       0       0       0       0       0       0       0
      Locals:         0       0       0       0       0       0       0       0       0       0       0       0       0       0       0       0
      Temps:          0       0       0       0       0       0       0       0       0       0       0       0       0       0       0       0
      Totals:         0       0       0       0       0       0       0       0       0       0       0       0       0       0       0       0
Total ram usage:        0 bytes
 Hardware stack levels used:    1
 Hardware stack levels required when called:    8
 This function calls:
		_ADC_Initialize
		_EUSART1_Initialize
		_I2C_Initialize
		_INTERRUPT_Initialize
		_OSCILLATOR_Initialize
		_PIN_MANAGER_Initialize
 This function is called by:
		_main
 This function uses a non-reentrant model


 *************** function _PIN_MANAGER_Initialize *****************
 Defined at:
		line 55 in file "mcc_generated_files/pin_manager.c"
 Parameters:    Size  Location     Type
		None
 Auto vars:     Size  Location     Type
		None
 Return value:  Size  Location     Type
                  1    wreg      void 
 Registers used:
		wreg, status,2
 Tracked objects:
		On entry : 
		On exit  : 
		Unchanged: 
 Data sizes:     COMRAM   BANK0   BANK1   BANK2   BANK3   BANK4   BANK5   BANK6   BANK7   BANK8   BANK9  BANK10  BANK11  BANK12  BANK13  BANK14
      Params:         0       0       0       0       0       0       0       0       0       0       0       0       0       0       0       0
      Locals:         0       0       0       0       0       0       0       0       0       0       0       0       0       0       0       0
      Temps:          0       0       0       0       0       0       0       0       0       0       0       0       0       0       0       0
      Totals:         0       0       0       0       0       0       0       0       0       0       0       0       0       0       0       0
Total ram usage:        0 bytes
 Hardware stack levels used:    1
 Hardware stack levels required when called:    6
 This function calls:
		Nothing
 This function is called by:
		_SYSTEM_Initialize
 This function uses a non-reentrant model


 *************** function _OSCILLATOR_Initialize *****************
 Defined at:
		line 61 in file "mcc_generated_files/mcc.c"
 Parameters:    Size  Location     Type
		None
 Auto vars:     Size  Location     Type
		None
 Return value:  Size  Location     Type
                  1    wreg      void 
 Registers used:
		wreg, status,2
 Tracked objects:
		On entry : 
		On exit  : 
		Unchanged: 
 Data sizes:     COMRAM   BANK0   BANK1   BANK2   BANK3   BANK4   BANK5   BANK6   BANK7   BANK8   BANK9  BANK10  BANK11  BANK12  BANK13  BANK14
      Params:         0       0       0       0       0       0       0       0       0       0       0       0       0       0       0       0
      Locals:         0       0       0       0       0       0       0       0       0       0       0       0       0       0       0       0
      Temps:          0       0       0       0       0       0       0       0       0       0       0       0       0       0       0       0
      Totals:         0       0       0       0       0       0       0       0       0       0       0       0       0       0       0       0
Total ram usage:        0 bytes
 Hardware stack levels used:    1
 Hardware stack levels required when called:    6
 This function calls:
		Nothing
 This function is called by:
		_SYSTEM_Initialize
 This function uses a non-reentrant model


 *************** function _INTERRUPT_Initialize *****************
 Defined at:
		line 52 in file "mcc_generated_files/interrupt_manager.c"
 Parameters:    Size  Location     Type
		None
 Auto vars:     Size  Location     Type
		None
 Return value:  Size  Location     Type
                  1    wreg      void 
 Registers used:
		wreg
 Tracked objects:
		On entry : 
		On exit  : 
		Unchanged: 
 Data sizes:     COMRAM   BANK0   BANK1   BANK2   BANK3   BANK4   BANK5   BANK6   BANK7   BANK8   BANK9  BANK10  BANK11  BANK12  BANK13  BANK14
      Params:         0       0       0       0       0       0       0       0       0       0       0       0       0       0       0       0
      Locals:         0       0       0       0       0       0       0       0       0       0       0       0       0       0       0       0
      Temps:          0       0       0       0       0       0       0       0       0       0       0       0       0       0       0       0
      Totals:         0       0       0       0       0       0       0       0       0       0       0       0       0       0       0       0
Total ram usage:        0 bytes
 Hardware stack levels used:    1
 Hardware stack levels required when called:    6
 This function calls:
		Nothing
 This function is called by:
		_SYSTEM_Initialize
 This function uses a non-reentrant model


 *************** function _I2C_Initialize *****************
 Defined at:
		line 104 in file "mcc_generated_files/i2c_slave.c"
 Parameters:    Size  Location     Type
		None
 Auto vars:     Size  Location     Type
		None
 Return value:  Size  Location     Type
                  1    wreg      void 
 Registers used:
		wreg, status,2, status,0
 Tracked objects:
		On entry : 
		On exit  : 
		Unchanged: 
 Data sizes:     COMRAM   BANK0   BANK1   BANK2   BANK3   BANK4   BANK5   BANK6   BANK7   BANK8   BANK9  BANK10  BANK11  BANK12  BANK13  BANK14
      Params:         0       0       0       0       0       0       0       0       0       0       0       0       0       0       0       0
      Locals:         0       0       0       0       0       0       0       0       0       0       0       0       0       0       0       0
      Temps:          0       0       0       0       0       0       0       0       0       0       0       0       0       0       0       0
      Totals:         0       0       0       0       0       0       0       0       0       0       0       0       0       0       0       0
Total ram usage:        0 bytes
 Hardware stack levels used:    1
 Hardware stack levels required when called:    6
 This function calls:
		Nothing
 This function is called by:
		_SYSTEM_Initialize
		_I2C_Enable
 This function uses a non-reentrant model


 *************** function _EUSART1_Initialize *****************
 Defined at:
		line 66 in file "mcc_generated_files/eusart1.c"
 Parameters:    Size  Location     Type
		None
 Auto vars:     Size  Location     Type
		None
 Return value:  Size  Location     Type
                  1    wreg      void 
 Registers used:
		wreg, status,2, status,0, cstack
 Tracked objects:
		On entry : 
		On exit  : 
		Unchanged: 
 Data sizes:     COMRAM   BANK0   BANK1   BANK2   BANK3   BANK4   BANK5   BANK6   BANK7   BANK8   BANK9  BANK10  BANK11  BANK12  BANK13  BANK14
      Params:         0       0       0       0       0       0       0       0       0       0       0       0       0       0       0       0
      Locals:         0       0       0       0       0       0       0       0       0       0       0       0       0       0       0       0
      Temps:          0       0       0       0       0       0       0       0       0       0       0       0       0       0       0       0
      Totals:         0       0       0       0       0       0       0       0       0       0       0       0       0       0       0       0
Total ram usage:        0 bytes
 Hardware stack levels used:    1
 Hardware stack levels required when called:    7
 This function calls:
		_EUSART1_SetErrorHandler
		_EUSART1_SetFramingErrorHandler
		_EUSART1_SetOverrunErrorHandler
 This function is called by:
		_SYSTEM_Initialize
 This function uses a non-reentrant model


 *************** function _EUSART1_SetOverrunErrorHandler *****************
 Defined at:
		line 170 in file "mcc_generated_files/eusart1.c"
 Parameters:    Size  Location     Type
  interruptHan    2    6[COMRAM] PTR FTN()void 
		 -> EUSART1_DefaultOverrunErrorHandler(1), 
 Auto vars:     Size  Location     Type
		None
 Return value:  Size  Location     Type
                  1    wreg      void 
 Registers used:
		wreg, status,2, status,0
 Tracked objects:
		On entry : 
		On exit  : 
		Unchanged: 
 Data sizes:     COMRAM   BANK0   BANK1   BANK2   BANK3   BANK4   BANK5   BANK6   BANK7   BANK8   BANK9  BANK10  BANK11  BANK12  BANK13  BANK14
      Params:         2       0       0       0       0       0       0       0       0       0       0       0       0       0       0       0
      Locals:         0       0       0       0       0       0       0       0       0       0       0       0       0       0       0       0
      Temps:          0       0       0       0       0       0       0       0       0       0       0       0       0       0       0       0
      Totals:         2       0       0       0       0       0       0       0       0       0       0       0       0       0       0       0
Total ram usage:        2 bytes
 Hardware stack levels used:    1
 Hardware stack levels required when called:    6
 This function calls:
		Nothing
 This function is called by:
		_EUSART1_Initialize
 This function uses a non-reentrant model


 *************** function _EUSART1_SetFramingErrorHandler *****************
 Defined at:
		line 166 in file "mcc_generated_files/eusart1.c"
 Parameters:    Size  Location     Type
  interruptHan    2    6[COMRAM] PTR FTN()void 
		 -> EUSART1_DefaultFramingErrorHandler(1), 
 Auto vars:     Size  Location     Type
		None
 Return value:  Size  Location     Type
                  1    wreg      void 
 Registers used:
		wreg, status,2, status,0
 Tracked objects:
		On entry : 
		On exit  : 
		Unchanged: 
 Data sizes:     COMRAM   BANK0   BANK1   BANK2   BANK3   BANK4   BANK5   BANK6   BANK7   BANK8   BANK9  BANK10  BANK11  BANK12  BANK13  BANK14
      Params:         2       0       0       0       0       0       0       0       0       0       0       0       0       0       0       0
      Locals:         0       0       0       0       0       0       0       0       0       0       0       0       0       0       0       0
      Temps:          0       0       0       0       0       0       0       0       0       0       0       0       0       0       0       0
      Totals:         2       0       0       0       0       0       0       0       0       0       0       0       0       0       0       0
Total ram usage:        2 bytes
 Hardware stack levels used:    1
 Hardware stack levels required when called:    6
 This function calls:
		Nothing
 This function is called by:
		_EUSART1_Initialize
 This function uses a non-reentrant model


 *************** function _EUSART1_SetErrorHandler *****************
 Defined at:
		line 174 in file "mcc_generated_files/eusart1.c"
 Parameters:    Size  Location     Type
  interruptHan    2    6[COMRAM] PTR FTN()void 
		 -> EUSART1_DefaultErrorHandler(1), 
 Auto vars:     Size  Location     Type
		None
 Return value:  Size  Location     Type
                  1    wreg      void 
 Registers used:
		wreg, status,2, status,0
 Tracked objects:
		On entry : 
		On exit  : 
		Unchanged: 
 Data sizes:     COMRAM   BANK0   BANK1   BANK2   BANK3   BANK4   BANK5   BANK6   BANK7   BANK8   BANK9  BANK10  BANK11  BANK12  BANK13  BANK14
      Params:         2       0       0       0       0       0       0       0       0       0       0       0       0       0       0       0
      Locals:         0       0       0       0       0       0       0       0       0       0       0       0       0       0       0       0
      Temps:          0       0       0       0       0       0       0       0       0       0       0       0       0       0       0       0
      Totals:         2       0       0       0       0       0       0       0       0       0       0       0       0       0       0       0
Total ram usage:        2 bytes
 Hardware stack levels used:    1
 Hardware stack levels required when called:    6
 This function calls:
		Nothing
 This function is called by:
		_EUSART1_Initialize
 This function uses a non-reentrant model


 *************** function _ADC_Initialize *****************
 Defined at:
		line 62 in file "mcc_generated_files/adc.c"
 Parameters:    Size  Location     Type
		None
 Auto vars:     Size  Location     Type
		None
 Return value:  Size  Location     Type
                  1    wreg      void 
 Registers used:
		wreg, status,2
 Tracked objects:
		On entry : 
		On exit  : 
		Unchanged: 
 Data sizes:     COMRAM   BANK0   BANK1   BANK2   BANK3   BANK4   BANK5   BANK6   BANK7   BANK8   BANK9  BANK10  BANK11  BANK12  BANK13  BANK14
      Params:         0       0       0       0       0       0       0       0       0       0       0       0       0       0       0       0
      Locals:         0       0       0       0       0       0       0       0       0       0       0       0       0       0       0       0
      Temps:          0       0       0       0       0       0       0       0       0       0       0       0       0       0       0       0
      Totals:         0       0       0       0       0       0       0       0       0       0       0       0       0       0       0       0
Total ram usage:        0 bytes
 Hardware stack levels used:    1
 Hardware stack levels required when called:    6
 This function calls:
		Nothing
 This function is called by:
		_SYSTEM_Initialize
 This function uses a non-reentrant model


 *************** function _I2C_Open *****************
 Defined at:
		line 112 in file "mcc_generated_files/i2c_slave.c"
 Parameters:    Size  Location     Type
		None
 Auto vars:     Size  Location     Type
		None
 Return value:  Size  Location     Type
                  1    wreg      void 
 Registers used:
		wreg, status,2, status,0, cstack
 Tracked objects:
		On entry : 
		On exit  : 
		Unchanged: 
 Data sizes:     COMRAM   BANK0   BANK1   BANK2   BANK3   BANK4   BANK5   BANK6   BANK7   BANK8   BANK9  BANK10  BANK11  BANK12  BANK13  BANK14
      Params:         0       0       0       0       0       0       0       0       0       0       0       0       0       0       0       0
      Locals:         0       0       0       0       0       0       0       0       0       0       0       0       0       0       0       0
      Temps:          0       0       0       0       0       0       0       0       0       0       0       0       0       0       0       0
      Totals:         0       0       0       0       0       0       0       0       0       0       0       0       0       0       0       0
Total ram usage:        0 bytes
 Hardware stack levels used:    1
 Hardware stack levels required when called:    7
 This function calls:
		_I2C_SlaveEnableIrq
		_I2C_SlaveOpen
		_I2C_SlaveSetAddrIntHandler
		_I2C_SlaveSetBusColIntHandler
		_I2C_SlaveSetIsrHandler
		_I2C_SlaveSetReadIntHandler
		_I2C_SlaveSetSlaveAddr
		_I2C_SlaveSetSlaveMask
		_I2C_SlaveSetWrColIntHandler
		_I2C_SlaveSetWriteIntHandler
 This function is called by:
		_main
 This function uses a non-reentrant model


 *************** function _I2C_SlaveSetWriteIntHandler *****************
 Defined at:
		line 232 in file "mcc_generated_files/i2c_slave.c"
 Parameters:    Size  Location     Type
  handler         2    6[COMRAM] PTR FTN()void 
		 -> I2C_SlaveDefWrInterruptHandler(1), 
 Auto vars:     Size  Location     Type
		None
 Return value:  Size  Location     Type
                  1    wreg      void 
 Registers used:
		wreg, status,2, status,0
 Tracked objects:
		On entry : 
		On exit  : 
		Unchanged: 
 Data sizes:     COMRAM   BANK0   BANK1   BANK2   BANK3   BANK4   BANK5   BANK6   BANK7   BANK8   BANK9  BANK10  BANK11  BANK12  BANK13  BANK14
      Params:         2       0       0       0       0       0       0       0       0       0       0       0       0       0       0       0
      Locals:         0       0       0       0       0       0       0       0       0       0       0       0       0       0       0       0
      Temps:          0       0       0       0       0       0       0       0       0       0       0       0       0       0       0       0
      Totals:         2       0       0       0       0       0       0       0       0       0       0       0       0       0       0       0
Total ram usage:        2 bytes
 Hardware stack levels used:    1
 Hardware stack levels required when called:    6
 This function calls:
		Nothing
 This function is called by:
		_I2C_Open
 This function uses a non-reentrant model


 *************** function _I2C_SlaveSetWrColIntHandler *****************
 Defined at:
		line 265 in file "mcc_generated_files/i2c_slave.c"
 Parameters:    Size  Location     Type
  handler         2    6[COMRAM] PTR FTN()void 
		 -> I2C_SlaveDefWrColInterruptHandler(1), 
 Auto vars:     Size  Location     Type
		None
 Return value:  Size  Location     Type
                  1    wreg      void 
 Registers used:
		wreg, status,2, status,0
 Tracked objects:
		On entry : 
		On exit  : 
		Unchanged: 
 Data sizes:     COMRAM   BANK0   BANK1   BANK2   BANK3   BANK4   BANK5   BANK6   BANK7   BANK8   BANK9  BANK10  BANK11  BANK12  BANK13  BANK14
      Params:         2       0       0       0       0       0       0       0       0       0       0       0       0       0       0       0
      Locals:         0       0       0       0       0       0       0       0       0       0       0       0       0       0       0       0
      Temps:          0       0       0       0       0       0       0       0       0       0       0       0       0       0       0       0
      Totals:         2       0       0       0       0       0       0       0       0       0       0       0       0       0       0       0
Total ram usage:        2 bytes
 Hardware stack levels used:    1
 Hardware stack levels required when called:    6
 This function calls:
		Nothing
 This function is called by:
		_I2C_Open
 This function uses a non-reentrant model


 *************** function _I2C_SlaveSetSlaveMask *****************
 Defined at:
		line 322 in file "mcc_generated_files/i2c_slave.c"
 Parameters:    Size  Location     Type
  maskAddr        1    wreg     unsigned char 
 Auto vars:     Size  Location     Type
  maskAddr        1    6[COMRAM] unsigned char 
 Return value:  Size  Location     Type
                  1    wreg      void 
 Registers used:
		wreg
 Tracked objects:
		On entry : 
		On exit  : 
		Unchanged: 
 Data sizes:     COMRAM   BANK0   BANK1   BANK2   BANK3   BANK4   BANK5   BANK6   BANK7   BANK8   BANK9  BANK10  BANK11  BANK12  BANK13  BANK14
      Params:         0       0       0       0       0       0       0       0       0       0       0       0       0       0       0       0
      Locals:         1       0       0       0       0       0       0       0       0       0       0       0       0       0       0       0
      Temps:          0       0       0       0       0       0       0       0       0       0       0       0       0       0       0       0
      Totals:         1       0       0       0       0       0       0       0       0       0       0       0       0       0       0       0
Total ram usage:        1 bytes
 Hardware stack levels used:    1
 Hardware stack levels required when called:    6
 This function calls:
		Nothing
 This function is called by:
		_I2C_Open
 This function uses a non-reentrant model


 *************** function _I2C_SlaveSetSlaveAddr *****************
 Defined at:
		line 317 in file "mcc_generated_files/i2c_slave.c"
 Parameters:    Size  Location     Type
  slaveAddr       1    wreg     unsigned char 
 Auto vars:     Size  Location     Type
  slaveAddr       1    6[COMRAM] unsigned char 
 Return value:  Size  Location     Type
                  1    wreg      void 
 Registers used:
		wreg
 Tracked objects:
		On entry : 
		On exit  : 
		Unchanged: 
 Data sizes:     COMRAM   BANK0   BANK1   BANK2   BANK3   BANK4   BANK5   BANK6   BANK7   BANK8   BANK9  BANK10  BANK11  BANK12  BANK13  BANK14
      Params:         0       0       0       0       0       0       0       0       0       0       0       0       0       0       0       0
      Locals:         1       0       0       0       0       0       0       0       0       0       0       0       0       0       0       0
      Temps:          0       0       0       0       0       0       0       0       0       0       0       0       0       0       0       0
      Totals:         1       0       0       0       0       0       0       0       0       0       0       0       0       0       0       0
Total ram usage:        1 bytes
 Hardware stack levels used:    1
 Hardware stack levels required when called:    6
 This function calls:
		Nothing
 This function is called by:
		_I2C_Open
 This function uses a non-reentrant model


 *************** function _I2C_SlaveSetReadIntHandler *****************
 Defined at:
		line 215 in file "mcc_generated_files/i2c_slave.c"
 Parameters:    Size  Location     Type
  handler         2    6[COMRAM] PTR FTN()void 
		 -> I2C_SlaveDefRdInterruptHandler(1), 
 Auto vars:     Size  Location     Type
		None
 Return value:  Size  Location     Type
                  1    wreg      void 
 Registers used:
		wreg, status,2, status,0
 Tracked objects:
		On entry : 
		On exit  : 
		Unchanged: 
 Data sizes:     COMRAM   BANK0   BANK1   BANK2   BANK3   BANK4   BANK5   BANK6   BANK7   BANK8   BANK9  BANK10  BANK11  BANK12  BANK13  BANK14
      Params:         2       0       0       0       0       0       0       0       0       0       0       0       0       0       0       0
      Locals:         0       0       0       0       0       0       0       0       0       0       0       0       0       0       0       0
      Temps:          0       0       0       0       0       0       0       0       0       0       0       0       0       0       0       0
      Totals:         2       0       0       0       0       0       0       0       0       0       0       0       0       0       0       0
Total ram usage:        2 bytes
 Hardware stack levels used:    1
 Hardware stack levels required when called:    6
 This function calls:
		Nothing
 This function is called by:
		_I2C_Open
 This function uses a non-reentrant model


 *************** function _I2C_SlaveSetIsrHandler *****************
 Defined at:
		line 209 in file "mcc_generated_files/i2c_slave.c"
 Parameters:    Size  Location     Type
  handler         2    6[COMRAM] PTR FTN()void 
		 -> I2C_Isr(1), 
 Auto vars:     Size  Location     Type
		None
 Return value:  Size  Location     Type
                  1    wreg      void 
 Registers used:
		wreg, status,2, status,0
 Tracked objects:
		On entry : 
		On exit  : 
		Unchanged: 
 Data sizes:     COMRAM   BANK0   BANK1   BANK2   BANK3   BANK4   BANK5   BANK6   BANK7   BANK8   BANK9  BANK10  BANK11  BANK12  BANK13  BANK14
      Params:         2       0       0       0       0       0       0       0       0       0       0       0       0       0       0       0
      Locals:         0       0       0       0       0       0       0       0       0       0       0       0       0       0       0       0
      Temps:          0       0       0       0       0       0       0       0       0       0       0       0       0       0       0       0
      Totals:         2       0       0       0       0       0       0       0       0       0       0       0       0       0       0       0
Total ram usage:        2 bytes
 Hardware stack levels used:    1
 Hardware stack levels required when called:    6
 This function calls:
		Nothing
 This function is called by:
		_I2C_Open
 This function uses a non-reentrant model


 *************** function _I2C_SlaveSetBusColIntHandler *****************
 Defined at:
		line 281 in file "mcc_generated_files/i2c_slave.c"
 Parameters:    Size  Location     Type
  handler         2    6[COMRAM] PTR FTN()void 
		 -> I2C_SlaveDefBusColInterruptHandler(1), 
 Auto vars:     Size  Location     Type
		None
 Return value:  Size  Location     Type
                  1    wreg      void 
 Registers used:
		wreg, status,2, status,0
 Tracked objects:
		On entry : 
		On exit  : 
		Unchanged: 
 Data sizes:     COMRAM   BANK0   BANK1   BANK2   BANK3   BANK4   BANK5   BANK6   BANK7   BANK8   BANK9  BANK10  BANK11  BANK12  BANK13  BANK14
      Params:         2       0       0       0       0       0       0       0       0       0       0       0       0       0       0       0
      Locals:         0       0       0       0       0       0       0       0       0       0       0       0       0       0       0       0
      Temps:          0       0       0       0       0       0       0       0       0       0       0       0       0       0       0       0
[...]
      Temps:          0       0       0       0       0       0       0       0       0       0       0       0       0       0       0       0
      Totals:         0       0       0       0       0       0       0       0       0       0       0       0       0       0       0       0
Total ram usage:        0 bytes
 Hardware stack levels used:    1
 This function calls:
		Nothing
 This function is called by:
		_I2C_Isr
 This function uses a non-reentrant model


 *************** function _I2C_SlaveIsRxBufFull *****************
 Defined at:
		line 372 in file "mcc_generated_files/i2c_slave.c"
 Parameters:    Size  Location     Type
		None
 Auto vars:     Size  Location     Type
		None
 Return value:  Size  Location     Type
                  1    wreg      _Bool 
 Registers used:
		wreg
 Tracked objects:
		On entry : 
		On exit  : 
		Unchanged: 
 Data sizes:     COMRAM   BANK0   BANK1   BANK2   BANK3   BANK4   BANK5   BANK6   BANK7   BANK8   BANK9  BANK10  BANK11  BANK12  BANK13  BANK14
      Params:         0       0       0       0       0       0       0       0       0       0       0       0       0       0       0       0
      Locals:         0       0       0       0       0       0       0       0       0       0       0       0       0       0       0       0
      Temps:          0       0       0       0       0       0       0       0       0       0       0       0       0       0       0       0
      Totals:         0       0       0       0       0       0       0       0       0       0       0       0       0       0       0       0
Total ram usage:        0 bytes
 Hardware stack levels used:    1
 This function calls:
		Nothing
 This function is called by:
		_I2C_Isr
 This function uses a non-reentrant model


 *************** function _I2C_SlaveIsRead *****************
 Defined at:
		line 337 in file "mcc_generated_files/i2c_slave.c"
 Parameters:    Size  Location     Type
		None
 Auto vars:     Size  Location     Type
		None
 Return value:  Size  Location     Type
                  1    wreg      _Bool 
 Registers used:
		wreg
 Tracked objects:
		On entry : 
		On exit  : 
		Unchanged: 
 Data sizes:     COMRAM   BANK0   BANK1   BANK2   BANK3   BANK4   BANK5   BANK6   BANK7   BANK8   BANK9  BANK10  BANK11  BANK12  BANK13  BANK14
      Params:         0       0       0       0       0       0       0       0       0       0       0       0       0       0       0       0
      Locals:         0       0       0       0       0       0       0       0       0       0       0       0       0       0       0       0
      Temps:          0       0       0       0       0       0       0       0       0       0       0       0       0       0       0       0
      Totals:         0       0       0       0       0       0       0       0       0       0       0       0       0       0       0       0
Total ram usage:        0 bytes
 Hardware stack levels used:    1
 This function calls:
		Nothing
 This function is called by:
		_I2C_Isr
 This function uses a non-reentrant model


 *************** function _I2C_SlaveIsData *****************
 Defined at:
		line 357 in file "mcc_generated_files/i2c_slave.c"
 Parameters:    Size  Location     Type
		None
 Auto vars:     Size  Location     Type
		None
 Return value:  Size  Location     Type
                  1    wreg      _Bool 
 Registers used:
		wreg
 Tracked objects:
		On entry : 
		On exit  : 
		Unchanged: 
 Data sizes:     COMRAM   BANK0   BANK1   BANK2   BANK3   BANK4   BANK5   BANK6   BANK7   BANK8   BANK9  BANK10  BANK11  BANK12  BANK13  BANK14
      Params:         0       0       0       0       0       0       0       0       0       0       0       0       0       0       0       0
      Locals:         0       0       0       0       0       0       0       0       0       0       0       0       0       0       0       0
      Temps:          0       0       0       0       0       0       0       0       0       0       0       0       0       0       0       0
      Totals:         0       0       0       0       0       0       0       0       0       0       0       0       0       0       0       0
Total ram usage:        0 bytes
 Hardware stack levels used:    1
 This function calls:
		Nothing
 This function is called by:
		_I2C_Isr
 This function uses a non-reentrant model


 *************** function _I2C_SlaveClearIrq *****************
 Defined at:
		line 342 in file "mcc_generated_files/i2c_slave.c"
 Parameters:    Size  Location     Type
		None
 Auto vars:     Size  Location     Type
		None
 Return value:  Size  Location     Type
                  1    wreg      void 
 Registers used:
		None
 Tracked objects:
		On entry : 
		On exit  : 
		Unchanged: 
 Data sizes:     COMRAM   BANK0   BANK1   BANK2   BANK3   BANK4   BANK5   BANK6   BANK7   BANK8   BANK9  BANK10  BANK11  BANK12  BANK13  BANK14
      Params:         0       0       0       0       0       0       0       0       0       0       0       0       0       0       0       0
      Locals:         0       0       0       0       0       0       0       0       0       0       0       0       0       0       0       0
      Temps:          0       0       0       0       0       0       0       0       0       0       0       0       0       0       0       0
      Totals:         0       0       0       0       0       0       0       0       0       0       0       0       0       0       0       0
Total ram usage:        0 bytes
 Hardware stack levels used:    1
 This function calls:
		Nothing
 This function is called by:
		_I2C_Isr
 This function uses a non-reentrant model


 *************** function _I2C_SlaveAddrCallBack *****************
 Defined at:
		line 253 in file "mcc_generated_files/i2c_slave.c"
 Parameters:    Size  Location     Type
		None
 Auto vars:     Size  Location     Type
		None
 Return value:  Size  Location     Type
                  1    wreg      void 
 Registers used:
		wreg, status,2, status,0, pclath, tosl, cstack
 Tracked objects:
		On entry : 
		On exit  : 
		Unchanged: 
 Data sizes:     COMRAM   BANK0   BANK1   BANK2   BANK3   BANK4   BANK5   BANK6   BANK7   BANK8   BANK9  BANK10  BANK11  BANK12  BANK13  BANK14
      Params:         0       0       0       0       0       0       0       0       0       0       0       0       0       0       0       0
      Locals:         0       0       0       0       0       0       0       0       0       0       0       0       0       0       0       0
      Temps:          0       0       0       0       0       0       0       0       0       0       0       0       0       0       0       0
      Totals:         0       0       0       0       0       0       0       0       0       0       0       0       0       0       0       0
Total ram usage:        0 bytes
 Hardware stack levels used:    1
 Hardware stack levels required when called:    3
 This function calls:
		Absolute function
		_I2C_SlaveDefAddrInterruptHandler
		_interrupt_pls
 This function is called by:
		_I2C_Isr
 This function uses a non-reentrant model


 *************** function _I2C_SlaveDefAddrInterruptHandler *****************
 Defined at:
		line 260 in file "mcc_generated_files/i2c_slave.c"
 Parameters:    Size  Location     Type
		None
 Auto vars:     Size  Location     Type
		None
 Return value:  Size  Location     Type
                  1    wreg      void 
 Registers used:
		wreg, status,2, cstack
 Tracked objects:
		On entry : 
		On exit  : 
		Unchanged: 
 Data sizes:     COMRAM   BANK0   BANK1   BANK2   BANK3   BANK4   BANK5   BANK6   BANK7   BANK8   BANK9  BANK10  BANK11  BANK12  BANK13  BANK14
      Params:         0       0       0       0       0       0       0       0       0       0       0       0       0       0       0       0
      Locals:         0       0       0       0       0       0       0       0       0       0       0       0       0       0       0       0
      Temps:          0       0       0       0       0       0       0       0       0       0       0       0       0       0       0       0
      Totals:         0       0       0       0       0       0       0       0       0       0       0       0       0       0       0       0
Total ram usage:        0 bytes
 Hardware stack levels used:    1
 Hardware stack levels required when called:    1
 This function calls:
		_I2C_SlaveGetAddr
 This function is called by:
		_I2C_Open
		_I2C_SlaveAddrCallBack
 This function uses a non-reentrant model


 *************** function _interrupt_pls *****************
 Defined at:
		line 80 in file "main.c"
 Parameters:    Size  Location     Type
		None
 Auto vars:     Size  Location     Type
		None
 Return value:  Size  Location     Type
                  1    wreg      void 
 Registers used:
		wreg, status,2, cstack
 Tracked objects:
		On entry : 
		On exit  : 
		Unchanged: 
 Data sizes:     COMRAM   BANK0   BANK1   BANK2   BANK3   BANK4   BANK5   BANK6   BANK7   BANK8   BANK9  BANK10  BANK11  BANK12  BANK13  BANK14
      Params:         0       0       0       0       0       0       0       0       0       0       0       0       0       0       0       0
      Locals:         0       0       0       0       0       0       0       0       0       0       0       0       0       0       0       0
      Temps:          0       0       0       0       0       0       0       0       0       0       0       0       0       0       0       0
      Totals:         0       0       0       0       0       0       0       0       0       0       0       0       0       0       0       0
Total ram usage:        0 bytes
 Hardware stack levels used:    1
 Hardware stack levels required when called:    2
 This function calls:
		_I2C_Read
		_I2C_Write
 This function is called by:
		_main
		_I2C_SlaveAddrCallBack
 This function uses a non-reentrant model


 *************** function _I2C_Write *****************
 Defined at:
		line 136 in file "mcc_generated_files/i2c_slave.c"
 Parameters:    Size  Location     Type
  data            1    wreg     unsigned char 
 Auto vars:     Size  Location     Type
  data            1    1[COMRAM] unsigned char 
 Return value:  Size  Location     Type
                  1    wreg      void 
 Registers used:
		wreg, status,2, cstack
 Tracked objects:
		On entry : 
		On exit  : 
		Unchanged: 
 Data sizes:     COMRAM   BANK0   BANK1   BANK2   BANK3   BANK4   BANK5   BANK6   BANK7   BANK8   BANK9  BANK10  BANK11  BANK12  BANK13  BANK14
      Params:         0       0       0       0       0       0       0       0       0       0       0       0       0       0       0       0
      Locals:         1       0       0       0       0       0       0       0       0       0       0       0       0       0       0       0
      Temps:          0       0       0       0       0       0       0       0       0       0       0       0       0       0       0       0
      Totals:         1       0       0       0       0       0       0       0       0       0       0       0       0       0       0       0
Total ram usage:        1 bytes
 Hardware stack levels used:    1
 Hardware stack levels required when called:    1
 This function calls:
		_I2C_SlaveSendTxData
 This function is called by:
		_interrupt_pls
 This function uses a non-reentrant model


 *************** function _I2C_SlaveSendTxData *****************
 Defined at:
		line 377 in file "mcc_generated_files/i2c_slave.c"
 Parameters:    Size  Location     Type
  data            1    wreg     unsigned char 
 Auto vars:     Size  Location     Type
  data            1    0[COMRAM] unsigned char 
 Return value:  Size  Location     Type
                  1    wreg      void 
 Registers used:
		wreg
 Tracked objects:
		On entry : 
		On exit  : 
		Unchanged: 
 Data sizes:     COMRAM   BANK0   BANK1   BANK2   BANK3   BANK4   BANK5   BANK6   BANK7   BANK8   BANK9  BANK10  BANK11  BANK12  BANK13  BANK14
      Params:         0       0       0       0       0       0       0       0       0       0       0       0       0       0       0       0
      Locals:         1       0       0       0       0       0       0       0       0       0       0       0       0       0       0       0
      Temps:          0       0       0       0       0       0       0       0       0       0       0       0       0       0       0       0
      Totals:         1       0       0       0       0       0       0       0       0       0       0       0       0       0       0       0
Total ram usage:        1 bytes
 Hardware stack levels used:    1
 This function calls:
		Nothing
 This function is called by:
		_I2C_Write
		_I2C_SlaveDefWrInterruptHandler
 This function uses a non-reentrant model


 *************** function _I2C_Read *****************
 Defined at:
		line 131 in file "mcc_generated_files/i2c_slave.c"
 Parameters:    Size  Location     Type
		None
 Auto vars:     Size  Location     Type
		None
 Return value:  Size  Location     Type
                  1    wreg      unsigned char 
 Registers used:
		wreg, status,2, cstack
 Tracked objects:
		On entry : 
		On exit  : 
		Unchanged: 
 Data sizes:     COMRAM   BANK0   BANK1   BANK2   BANK3   BANK4   BANK5   BANK6   BANK7   BANK8   BANK9  BANK10  BANK11  BANK12  BANK13  BANK14
      Params:         0       0       0       0       0       0       0       0       0       0       0       0       0       0       0       0
      Locals:         0       0       0       0       0       0       0       0       0       0       0       0       0       0       0       0
      Temps:          0       0       0       0       0       0       0       0       0       0       0       0       0       0       0       0
      Totals:         0       0       0       0       0       0       0       0       0       0       0       0       0       0       0       0
Total ram usage:        0 bytes
 Hardware stack levels used:    1
 Hardware stack levels required when called:    1
 This function calls:
		_I2C_SlaveGetRxData
 This function is called by:
		_interrupt_pls
 This function uses a non-reentrant model


 *************** function _I2C_SlaveGetRxData *****************
 Defined at:
		line 382 in file "mcc_generated_files/i2c_slave.c"
 Parameters:    Size  Location     Type
		None
 Auto vars:     Size  Location     Type
		None
 Return value:  Size  Location     Type
                  1    wreg      unsigned char 
 Registers used:
		wreg, status,2
 Tracked objects:
		On entry : 
		On exit  : 
		Unchanged: 
 Data sizes:     COMRAM   BANK0   BANK1   BANK2   BANK3   BANK4   BANK5   BANK6   BANK7   BANK8   BANK9  BANK10  BANK11  BANK12  BANK13  BANK14
      Params:         0       0       0       0       0       0       0       0       0       0       0       0       0       0       0       0
      Locals:         0       0       0       0       0       0       0       0       0       0       0       0       0       0       0       0
      Temps:          0       0       0       0       0       0       0       0       0       0       0       0       0       0       0       0
      Totals:         0       0       0       0       0       0       0       0       0       0       0       0       0       0       0       0
Total ram usage:        0 bytes
 Hardware stack levels used:    1
 This function calls:
		Nothing
 This function is called by:
		_I2C_Read
		_I2C_Isr
		_I2C_SlaveDefRdInterruptHandler
 This function uses a non-reentrant model


 *************** function _I2C_SlaveGetAddr *****************
 Defined at:
		line 387 in file "mcc_generated_files/i2c_slave.c"
 Parameters:    Size  Location     Type
		None
 Auto vars:     Size  Location     Type
		None
 Return value:  Size  Location     Type
                  1    wreg      unsigned char 
 Registers used:
		wreg, status,2
 Tracked objects:
		On entry : 
		On exit  : 
		Unchanged: 
 Data sizes:     COMRAM   BANK0   BANK1   BANK2   BANK3   BANK4   BANK5   BANK6   BANK7   BANK8   BANK9  BANK10  BANK11  BANK12  BANK13  BANK14
      Params:         0       0       0       0       0       0       0       0       0       0       0       0       0       0       0       0
      Locals:         0       0       0       0       0       0       0       0       0       0       0       0       0       0       0       0
      Temps:          0       0       0       0       0       0       0       0       0       0       0       0       0       0       0       0
      Totals:         0       0       0       0       0       0       0       0       0       0       0       0       0       0       0       0
Total ram usage:        0 bytes
 Hardware stack levels used:    1
 This function calls:
		Nothing
 This function is called by:
		_I2C_SlaveDefAddrInterruptHandler
 This function uses a non-reentrant model



MODULE INFORMATION

Module		Function		Class		Link	Load	Size
mcc_generated_files/i2c_slave.c
		_I2C_SlaveDefRdInterruptHandler		CODE           	04AE	0000	9
		_I2C_SlaveDefWrInterruptHandler		CODE           	04A6	0000	9
		_I2C_SlaveSetWrColIntHandler		CODE           	0452	0000	11
		_I2C_SlaveSetWriteIntHandler		CODE           	0448	0000	11
		_I2C_SlaveIsWriteCollision		CODE           	03B8	0000	21
		_I2C_SlaveGetAddr		CODE           	04E0	0000	5
		_I2C_SlaveOpen 		CODE           	033A	0000	31
		_I2C_SlaveSetSlaveAddr		CODE           	049E	0000	9
		_I2C_SlaveRestart		CODE           	04D0	0000	5
		_I2C_Write     		CODE           	0484	0000	11
		_I2C_SlaveIsRxBufFull		CODE           	03CC	0000	21
		_I2C_SlaveClearIrq		CODE           	04D8	0000	5
		_I2C_SlaveGetRxData		CODE           	04DC	0000	5
		_I2C_SlaveSetSlaveMask		CODE           	0496	0000	9
		_I2C_Isr       		CODE           	008A	0000	199
		_I2C_Read      		CODE           	04C6	0000	7
		_I2C_SlaveDefAddrInterruptHandler		CODE           	04B6	0000	9
		_I2C_Open      		CODE           	0150	0000	95
		_I2C_SlaveWrColCallBack		CODE           	025A	0000	47
		_I2C_SlaveIsRead		CODE           	03E0	0000	21
		_I2C_SlaveIsData		CODE           	03F4	0000	21
		_I2C_SlaveSetIsrHandler		CODE           	0466	0000	11
		_I2C_SlaveSetBusColIntHandler		CODE           	0470	0000	11
		_I2C_SlaveEnableIrq		CODE           	04CC	0000	5
		_I2C_SlaveSendTxData		CODE           	04BE	0000	9
		_I2C_SlaveRdCallBack		CODE           	02B6	0000	47
		_I2C_SlaveWrCallBack		CODE           	0288	0000	47
		_I2C_SlaveSetReadIntHandler		CODE           	045C	0000	11
		_I2C_SlaveAddrCallBack		CODE           	02E4	0000	47
		_I2C_Initialize		CODE           	041A	0000	17
		_I2C_SlaveSetAddrIntHandler		CODE           	047A	0000	11
		_I2C_SlaveDefWrColInterruptHandler		CODE           	04E4	0000	3
		_I2C_SlaveReleaseClock		CODE           	04D4	0000	5

mcc_generated_files/i2c_slave.c estimated size: 785

mcc_generated_files/interrupt_manager.c
		_INTERRUPT_Initialize		CODE           	048E	0000	9
		_INTERRUPT_InterruptManager		CODE           	0008	0000	127

mcc_generated_files/interrupt_manager.c estimated size: 136

mcc_generated_files/pin_manager.c
		_PIN_MANAGER_Initialize		CODE           	0312	0000	41

mcc_generated_files/pin_manager.c estimated size: 41

mcc_generated_files/adc.c
		_ADC_Initialize		CODE           	038C	0000	23
		_ADC_GetConversion		CODE           	01EC	0000	59

mcc_generated_files/adc.c estimated size: 82

shared
		__initialization		CODE           	0358	0000	13

shared estimated size: 13

mcc_generated_files/eusart1.c
		_EUSART1_Initialize		CODE           	01AE	0000	63
		_EUSART1_SetFramingErrorHandler		CODE           	0434	0000	11
		_EUSART1_SetOverrunErrorHandler		CODE           	042A	0000	11
		_EUSART1_SetErrorHandler		CODE           	043E	0000	11

mcc_generated_files/eusart1.c estimated size: 96

mcc_generated_files/mcc.c
		_OSCILLATOR_Initialize		CODE           	0408	0000	19
		_SYSTEM_Initialize		CODE           	0372	0000	27

mcc_generated_files/mcc.c estimated size: 46

main.c
		_main          		CODE           	0226	0000	53
		_interrupt_pls 		CODE           	03A2	0000	23

main.c estimated size: 76

